---
source: tui/src/chatwidget/tests.rs
expression: terminal.backend()
---
"                                                                                "
"                                                                                "
"› Ask Codex to do anything                                                      "
"                                                                                "
"  Auto on                                       Auto mode (shift+tab to cycle)  "
